[   0.000000] Initializing cgroup subsys cpuset
[    0.000000] Initializing cgroup subsys cpu
[    0.000000] Initializing cgroupubs cpuacct
[    00000 Linux verion 4.4.0-112-generic (buildd@lgw01-amd64-010) (g vrsion 5.4.0 20160609 (Ubuntu 5.4.0-6ubuntu1~16.04.5) ) #135-UbuntSM F Jn 191:8:36 UTC 2018 (Ubuntu 4.4.0-2.35-generic 4.4.98)
[    0.000] mmd line: BOOT_IMAGE=/boot/vmlinuz-4.4.0-112-generic root=LABEL=cloudimg-rootfs ro console=tty1 console=ttyS0
[    0.000000] KERNEL supported cpus:
[    0.000000]   Intel GenuineIntel
[    0.000000]   AMD AuthenticAMD
[    0.000000]   Centaur CentaurHauls
[    0.000000] x86/fpu: xstate_offset[2]:  576, xstate_sizes[2]:  256
[    0.000000] x86/fpu: Supporting XSAVE feature 0x01: 'x87 floating pntregisters'
[    0.000000] x86/fpuSuortinXSVEeare 0x: SSrester
    0.000000] x86/fpu: Supporting XSAVE feature 0x4: 'AVX registers'
[    0.000000] x86/fpu: Enabled xstate features 0x7, context size is 832 bytes, usig taard' rmt.
[    0.000000] x86/fpu: Using 'lazy' FPU contextwiches.
[    0.000000] e820: BIOS-provid psicalAMmap:
[    0.000000] BIOS-e820: [mem 0x0000000000000-0x000000000009fbff] usable
[    0.000000] BIOS-e820[mm 0x000000000009fc00-0x000000000009ffff] reserved
[    0.000000] BIOS-e820: [mem 0x00000000000f0000-0x00000000000fffff] reserved
[    0.000000] BIOS-e820: [mem 0x0000000000100000-0x000000dffeffff] usable
[    0.000000] BIOS-e8: mem 0x00000000dfff0000-0x00000000dfffff]ACPI data
[    0.000000] BIOS-e820: [mem 0x00000000fec00000-0x00000000fec00fff] reserved
[    0.000000] BIOS-e820: [mem 0x00000000fee000-x00000000fee00fff] reserved
[    0.000000] BIOS-e820: [mem 0x00000000fffc0000-0x00000000ffffffff] reserved    0.000000] BIOS-e820: [mem 0x0000000100000000-0x000000011fffffff] usable
[    0.000000] NX (Execute Disable) protection: active[   0.000] SMBIOS 2.5 present.
[   .0000] Hpervisor detected: KVM
[    0.000000] e820: last_pfn = 0x120000 ax_arch_pfn = 0x4000000
[    0.000000] MTRR: Disabled
[    0.000000] x86/PAT: TRRs disabled,kiing PAT initialiti too.
[    0.0000] U MTRRs all blan- rtualized system
[  0.000000] x86/T:onfiguration [0-7]: WB  WT  UC- UC  WB    - UC  
   0.000000] e820: last_pfn 0xff0 max_arch_pfn = 0x400000000
[    0.000 found SMP MP-table at [mem 0x0009fff0-000ffff] mapped at [ffff88000009fff0]
[    0.000000] Scanning 1 areas for low memory corrupon
[  0.0000RADI: em 06ac0-07565f]
[  00000 API: rltablchckm rification disabd[    0.000000] ACPI: RSDP 0x00000000000E0000 000024 (v02 VBOX  )
[    0.000] PI XSDT 0x00000000DFFF0030 003 (v01 VBOX   VBOXXSDT 00000001SL00000061)
[    0.000 ACPI: FACP 0x0000DFFF00F0 0000F4 (v04 VBOX   VBOXFACP 00000001 ASL  00000061)
[    0.000000] ACPI: DSDT 0x00000000DFFF0470 00210F (v01 VBOX   VBOXBIOS 00000002 INTL 20100528)
[    0.000000AC: FACS 0x00000000DFFF0200 000040
[    0.000 ACPI: FACS 0x00000000DFFF0200 000040
[    0.000000] ACPI: APIC 0x00000000DFFF0240 00005C (v02 VBOX   VBOXAPIC 00000001 ASL  00000061)
[    0.000000] ACPI: SSDT 0x00000000DFFF02A0 0001CC (v01 VBOX   VBOXCPUT 00000002 INTL 20100528)
[    0.0000 No NUMA configuration found
[    0.000000] Faking a node at [mem 0x0000000000000000-0x000000011fffffff]
[    0.000000] NODE_DATA(0) allocated [mem 0x11fff7000-0xfffff][    0.000000] kvm-clock: Using msrs 46401 and 4b564d00
[    0.000000] kvm-clock: cpu 0, msr 1:1ef1, pmay u lock
[    0.000] kvm-clock: using sched offset of 3928685322 cycles
[    0.000000] clocksourc k-clock: mask: 0xfffffffffffff max_cycles: 0x1cd42e4dffb, max_idle_ns: 881590591483 ns
[    0.000000] Zone ranges:
[    0.000000]   MA    emx00000000000000-0x0000000000ffffff]
[    0000]   DMA32    [mem 0x0000000001000000-0x00000ffffffff]
[    0.000000]   Normal   [mem 0x0000000100000000-0x000000011fffffff]
[    0.000000]   Device   empty
[    0.000000] Movable zone start for each node
[    0.0000] Early memory node ranges
[    0.0000]  node   0: [mem 0x0000000000001000-0x00000009efff]
[    0.000000] noe   0: [mem 0x0000000000100000-0x00000000dffeffff]
[    0.000000]   node   0: [mem 0x0000000100000000x0000011fffffff]
[  00000 Iitm tup ne  [mem 0x0000000000001000-0x000000011fffffff]
[    0.000000] ACPI: PM-Timer IO Port: 0x4008   0.000000] IOAPIC[0]apc_id 2, version 32, drs 0xc000 GI 0-23
[    0.000000] ACPI: INT_SRC_OVR (bus 0 bus_irq 0 global_irq 2 dfl dfl)
[    0.000000] ACPI: INT_SRC_OVR (bus 0 bus_irq 9 global_irq 9 high level)
[  0000000] Using ACPI (MADT) for SMP configuration information
[    0.000000] smpboot: Allwi 2 Cs, hotplug CPUs
[    0.000000] PM: Registered nosave memory: [mem 0x00000000-0x00000fff]
[    0.000000] PM: Registered nosa mmory: [mem 0x0009f000-0x0009ffff]
[    0.000000] PM: Registered nosave memory: [mem 0x000a0000-0x000effff]
[    0.000000] : egistered nosave memory: [mem 00f0000-0x000fffff]
[    0.000000] P Rgier nose emory: [mem 0xdfff0000-0xdfffffff]
  .00000 P: giered sae memory: [mem 0xe0000000-0xfebfffff]
[    0.000000] PM: Registered nosave memory: [mem 0xfec00000-0xfec00f]
[    0.000000] PMResterenoave mo: [mem 0xfec01000-0xfedfffff]
[  0.000]M: Registered novememory: [mem 0xfee000-0xfee00fff]
[    0.000000] PM: Registered nosave memory: [mem 0xfee01000-0xfffbffff]
[    0.000000] PM: Registered nosave memory: [mem 0xfffc0000-0xffffffff]
[    0.000000] e820: [mem 0xe0000000-0xfebfffff] available for PCI devices
[    0.000000] Booting paravirtualized kernel on KVM
[    0.0000] locksource: refined-jiffies: mas: fffffff max_cycles: 0xffffffff, max_idle_ns: 7645519600211568 ns
[    0.000000] sep_rcpuNRCP:5 nr_cmak_bits:512 nr_cpu_ids:2 nr_node_ids:1
[    0.000000] PERCPU: Embedded 34 pages/cpu @ffff88011fc00000 s99544 r8192 d328u1856
[    0.000000] PV qspinlock hash table entries: 256 (order: 0, 4096 bytes)
[    0.000000] Built 1 zonelists in Node order, biity grouping on.  Total pages: 1032057
[    0.000000] Policy zone: Normal
[    0.000000] Kernel command line: BOOT_IMAGE=/bootmluz-4.4.0-112-genicroot=LABEL=cloudimg-rootfs ro console=tty1 console=ttyS0
[    0.000000]IDhash table entris: 4096 (order: 3, 32768 bytes)
[    0.000000] Memory: 4032252K/4193848K available (8499K kernel code, 30K rwdata, 3988K rodata, 1508K init, 1316K bss, 161596K reserved, 0K cma-reserved)
[    0.000000] SLUB: HWalign=64, Order=0-3, MinObjects, CPUs=2, Nodes=1
[    0.000000] Kernel/Useragtables isolation: enabled
[    0.00000] Hierarchical RCU implementation.
[    0.000000] 	Build-time adjustment of leaf fanout to 64.
[    0.000000] 	RCU stctingPU from _CS=51tonrpuids=2.
[    0.000000] RCUAdusngeometry for rcu_fanout_leaf=64, nr_cpu_ids=2
[    0.000000] NR_IRQS:33024 nrrq440 16
[    0.000000] Console: colr GA+ 80x25
[    0.000000] console [tty1] enabled
[    0.000000] console [ttyS0] enabled
[    0.000000] tsc: Detected 2593.748 MHz processor
[   31.342839] Calibrating delay loop (skipped) preset value.. 5187.49 BogoMIPS (lpj=10374992)
[   31.563810] pid_max: default: 32768 minimum: 301
[   31.674164] ACPI: Core revision 20150930
[   31.772330] ACPI: 2 ACPI AML tables successfully acquired and loaded
[   31.932758] Security Framework initialized
[   32.046443] Yama: becoming mindful.
[   32.145270] AppArmor: AppArmor initialized
[   32.251608] Dentry cache hash table entries: 524288 (order: 10, 4194304 bytes)
[   32.468010] Inode-cache hash table entries: 262144 (order: 9, 2097152 bytes)
[   32.668639] Mount-cache hash table entries: 8192 (order: 4, 65536 bytes)
[   32.859050] Mountpoint-cache hash table entries: 8192 (order: 4, 65536 bytes)
[   33.071200] Initializing cgroup subsys io
[   33.188441] Initializing cgroup subsys memory
[   33.321805] Initializing cgroup subsys devices
[   33.457424] Initializing cgroup subsys freezer
[   33.584845] Initializing cgroup subsys net_cls
[   33.708238] Initializing cgroup subsys perf_event
[   33.817331] Initializing cgroup subsys net_prio
[   33.915667] Initializing cgroup subsys hugetlb
[   34.035453] Initializing cgroup subsys pids
[   34.140984] CPU: Physical Processor ID: 0
[   34.254566] CPU: Processor Core ID: 0
[   34.358533] FEATURE SPEC_CTRL Not Present
[   34.468463] mce: CPU supports 0 MCE banks
[   34.572345] Last level iTLB entries: 4KB 512, 2MB 8, 4MB 8
[   34.683102] Last level dTLB entries: 4KB 512, 2MB 32, 4MB 32, 1GB 0
[   34.798850] Freeing SMP alternatives memory: 32K
[   34.909243] ftrace: allocating 32180 entries in 126 pages
[   35.073299] smpboot: APIC(0) Converting physical 0 to logical package 0
[   35.229003] smpboot: Max logical packages: 1
[   35.313474] x2apic enabled
[   35.368704] Switched APIC routing to physical x2apic.
[   35.478040] ..TIMER: vector=0x30 apic1=0 pin1=2 apic2=-1 pin2=-1
[   35.708100] smpboot: CPU0: Intel(R) Xeon(R) CPU E5-4650L 0 @ 2.60GHz (family: 0x6, model: 0x2d, stepping: 0x7)
[   35.894420] Performance Events: unsupported p6 CPU model 45 no PMU driver, software events only.
[   36.068961] KVM setup paravirtual spinlock
[   36.144475] x86: Booting SMP configuration:
[   36.204881] .... node  #0, CPUs:      #1
[   36.280235] kvm-clock: cpu 1, msr 1:1ffef041, secondary cpu clock
[   36.352971] mce: CPU supports 0 MCE banks
[   36.355562] x86: Booted up 1 node, 2 CPUs
[   36.357773] smpboot: Total of 2 processors activated (10374.99 BogoMIPS)
[   36.361477] devtmpfs: initialized
[   36.378584] evm: security.selinux
[   36.379396] evm: security.SMACK64
[   36.380203] evm: security.SMACK64EXEC
[   36.381096] evm: security.SMACK64TRANSMUTE
[   36.381990] evm: security.SMACK64MMAP
[   36.382831] evm: security.ima
[   36.383571] evm: security.capability
[   36.384697] clocksource: jiffies: mask: 0xffffffff max_cycles: 0xffffffff, max_idle_ns: 7645041785100000 ns
[   36.386723] futex hash table entries: 512 (order: 3, 32768 bytes)
[   36.388086] pinctrl core: initialized pinctrl subsystem
[   36.389386] RTC time:  7:51:07, date: 02/04/18
[   36.390588] NET: Registered protocol family 16
[   36.399929] cpuidle: using governor ladder
[   36.412231] cpuidle: using governor menu
[   36.500811] PCCT header not found.
[   36.599950] ACPI: bus type PCI registered
[   36.712145] acpiphp: ACPI Hot Plug PCI Controller Driver version: 0.5
[   36.887651] PCI: Using configuration type 1 for base access
[   37.057377] ACPI: Added _OSI(Module Device)
[   37.178975] ACPI: Added _OSI(Processor Device)
[   37.306659] ACPI: Added _OSI(3.0 _SCP Extensions)
[   37.444804] ACPI: Added _OSI(Processor Aggregator Device)
[   37.605523] ACPI: Executed 1 blocks of module-level executable AML code
[   37.794463] ACPI: Interpreter enabled
[   37.900831] ACPI: (supports S0 S5)
[   37.998218] ACPI: Using IOAPIC for interrupt routing
[   38.145629] PCI: Using host bridge windows from ACPI; if necessary, use "pci=nocrs" and report a bug
[   38.414933] ACPI: PCI Root Bridge [PCI0] (domain 0000 [bus 00-ff])
[   38.586557] acpi PNP0A03:00: _OSC: OS supports [ASPM ClockPM Segments MSI]
[   38.726667] acpi PNP0A03:00: _OSC failed (AE_NOT_FOUND); disabling ASPM
[   38.908040] acpi PNP0A03:00: fail to add MMCONFIG information, can't access extended PCI configuration space under this bridge.
[   39.233362] PCI host bridge to bus 0000:00
[   39.358151] pci_bus 0000:00: root bus resource [io  0x0000-0x0cf7 window]
[   39.557350] pci_bus 0000:00: root bus resource [io  0x0d00-0xffff window]
[   39.754139] pci_bus 0000:00: root bus resource [mem 0x000a0000-0x000bffff window]
[   39.986636] pci_bus 0000:00: root bus resource [mem 0xe0000000-0xffdfffff window]
[   40.205064] pci_bus 0000:00: root bus resource [bus 00-ff]
[   40.364529] pci 0000:00:01.1: legacy IDE quirk: reg 0x10: [io  0x01f0-0x01f7]
[   40.571692] pci 0000:00:01.1: legacy IDE quirk: reg 0x14: [io  0x03f6]
[   40.761686] pci 0000:00:01.1: legacy IDE quirk: reg 0x18: [io  0x0170-0x0177]
[   40.973891] pci 0000:00:01.1: legacy IDE quirk: reg 0x1c: [io  0x0376]
[   41.214651] pci 0000:00:07.0: quirk: [io  0x4000-0x403f] claimed by PIIX4 ACPI
[   41.418261] pci 0000:00:07.0: quirk: [io  0x4100-0x410f] claimed by PIIX4 SMB
[   41.673843] ACPI: PCI Interrupt Link [LNKA] (IRQs 5 9 10 *11)
[   41.827368] ACPI: PCI Interrupt Link [LNKB] (IRQs 5 9 10 *11)
[   41.979061] ACPI: PCI Interrupt Link [LNKC] (IRQs 5 9 *10 11)
[   42.137826] ACPI: PCI Interrupt Link [LNKD] (IRQs 5 *9 10 11)
[   42.292153] ACPI: Enabled 2 GPEs in block 00 to 07
[   42.407620] vgaarb: setting as boot device: PCI:0000:00:02.0
[   42.565357] vgaarb: device added: PCI:0000:00:02.0,decodes=io+mem,owns=io+mem,locks=none
[   42.786830] vgaarb: loaded
[   42.849606] vgaarb: bridge control possible 0000:00:02.0
[   42.968878] SCSI subsystem initialized
[   43.078727] ACPI: bus type USB registered
[   43.183211] usbcore: registered new interface driver usbfs
[   43.295834] usbcore: registered new interface driver hub
[   43.371912] usbcore: registered new device driver usb
[   43.510954] PCI: Using ACPI for IRQ routing
[   43.628907] NetLabel: Initializing
[   43.731303] NetLabel:  domain hash size = 128
[   43.846943] NetLabel:  protocols = UNLABELED CIPSOv4
[   43.921402] NetLabel:  unlabeled traffic allowed by default
[   44.009534] amd_nb: Cannot enumerate AMD northbridges
[   44.073267] clocksource: Switched to clocksource kvm-clock
[   44.182074] AppArmor: AppArmor Filesystem Enabled
[ 44749]npPnAC it  4.53] p:PnP ACPI: found 3 devices
[   45.181883] clocksource: acpi_pm: mask: 0xffffff max_cycles: 0xffffff, max_idle_ns: 2085701024 ns
[   46.172983] NET: Registered protocol family 2
[   46.662811] TCP established hash table entries: 32768 (order: 6, 262144 bytes)
[   47.433573] TCP bind hash table entries: 32768 (order: 7, 524288 bytes)
[   48.144176] TCP: Hash tables configured (established 32768 bind 32768)
[   48.852733] UDP hash table entries: 2048 (order: 4, 65536 bytes)
[   49.512598] UDP-Lite hash table entries: 2048 (order: 4, 65536 bytes)
[   50.202986] NET: Registered protocol family 1
[   50.662593] pci 0000:00:00.0: Limiting direct PCI/PCI transfers
[   51.302586] pci 0000:00:01.0: Activating ISA DMA hang workarounds
[   51.952794] Unpacking initramfs...
[   54.432870] Freeing initrd memory: 10792K
[   54.872491] PCI-DMA: Using software bounce buffering for IO (SWIOTLB)
[   55.582385] software IO TLB [mem 0xdbff0000-0xdfff0000] (64MB) mapped at [fff88800dbff0000-ffff8800dffeffff]
[   56.672821] RAPL PMU detected, API unit is 2^-32 Joules, 3 fixed counters 10737418240 ms ovfl timer
[   57.692567] hw unit of domain pp0-core 2^-0 Joules
[   58.232218] hw unit of domain package 2^-0 Joules
[   58.712466] hw unit of domain dram 2^-0 Joules
[   59.132461] platform rtc_cmos: registered platform RTC device (no PNP device found)
[   59.973004] Scanning for low memory corruption every 60 seconds
[   60.642320] tsc: Refined TSC clocksource calibration: 2593.674 MHz
[   61.332527] clocksource: tsc: mask: 0xffffffffffffffff max_cycles: 0x2562e41ffb8, max_idle_ns: 440795276624 ns
[   62.383691] audit: initializing netlink subsys (disabled)
  2.34] di te=000 audit(1517730655.875:1): initialized
[   63.253644] Initialise system trusted keyring
[   63.442562] HugeTLB registered 2 MB page size, pre-allocated 0 pages
[   63.627453] zbud: loaded
[   63.686225] VFS: Disk quotas dquot_6.6.0
[   63.730997] VFS: Dquot-cache hash table entries: 512 (order 0, 4096 bytes)
[   64.032548] squashfs: version 4.0 (2009/01/31) Phillip Lougher
[   64.313913] fuse init (API version 7.23)
[   64.503874] Key type big_key registered
[   64.922107] Alloctting IMA MOK and blacklist keyrings.
[   65.514354] Key type asymmetric registered
[   65.946949] Asymmetric key parser 'x509' registered
[   66.392704] Block layer SCSI generic (bsg) driver version 0.4 loaded (major 249)
[   67.192734] io scheduler noop registered
[   67.392235] io scheduler deadline registered (default)
[   67.393238] io scheduler cfq registered
[   67.394296] pci_hotplug: PCI Hot Plug PCI Core version: 0.5
[   67.395315] pciehp: PCI Express Hot Plug Controller Driver version: 0.4
[   67.396736] ACPI: AC Adapter [AC] (on-line)
[   67.397643] input: Power Button as /devices/LNXSYSTM:00/LNXPWRBN:00/input/input0
[   67.862602] ACPI: Power Button [PWRF]
[   68.262328] input: Sleep Button as /devices/LNXSYSTM:00/LNXSLPBN:00/input/input1
[   69.092477] ACPI: Sleep Button [SLPF]
[   69.492696] GHES: HEST is not enabled!
[   69.902094] Serial: 8250/16550 driver, 32 ports, IRQ sharing enabled
[   70.633809] 00:02: ttyS0 at I/O 0x3f8 (irq = 4, base_baud = 115200) is a 16550A
[   71.374319] Linux agpgart interface v0.103
[   71.834176] loop: module loaded
[   72.152538] scsi host0: ata_piix
[   72.352761] scsi host1: ata_piix
[   72.692032] ata1: PATA max UDMA/33 cmd 0x1f0 ctl 0x3f6 bmdma 0xd000 irq 14
[   73.452585] ata2: PATA max UDMA/33 cmd 0x170 ctl 0x376 bmdma 0xd008 irq 15
[   74.123002] libphy: Fixed MDIO Bus: probed
[   74.124535] tun: Universal TUN/TAP device driver, 1.6
[   74.142293] tun: (C) 1999-2004 Max Krasnyansky <maxk@qualcomm.com>
[   74.144332] PPP generic driver version 2.4.2
[   74.145905] ehci_hcd: USB 2.0 'Enhanced' Host Controller (EHCI) Driver
[   74.192046] ehci-pci: EHCI PCI platform driver
[   74.642453] ehci-platform: EHCI generic platform driver
[   75.212253] ohci_hcd: USB 1.1 'Open' Host Controller (OHCI) Driver
[   75.912008] ohci-pci: OHCI PCI platform driver
[   76.401877] ohci-platform: OHCI generic platform driver
[   76.971805] uhci_hcd: USB Universal Host Controller Interface driver
[   77.612347] i8042: PNP: PS/2 Controller [PNP0303:PS2K,PNP0f03:PS2M] at 0x60,0x64 irq 1,12
[   78.514388] serio: i8042 KBD port at 0x60,0x64 irq 1
[   79.081736] serio: i8042 AUX port at 0x60,0x64 irq 12
[   79.632293] mousedev: PS/2 mouse device common for all mice
[   80.252453] rtc_cmos rtc_cmos: rtc core: registered rtc_cmos as rtc0
[   80.902371] rtc_cmos rtc_cmos: alarms up to one day, 114 bytes nvram
[   81.601848] i2c /dev entries driver
[   81.971726] input: AT Translated Set 2 keyboard as /devices/platform/i8042/serio0/input/input2
[   82.942126] device-mapper: uevent: version 1.0.3
[   83.442269] device-mapper: ioctl: 4.34.0-ioctl (2015-10-28) initialised: dm-devel@redhat.com
[   84.352561] ledtrig-cpu: registered to indicate activity on CPUs
[   84.503920] NET: Registered protocol family 10
[   84.732210] NET: Registered protocol family 17
[   84.931706] Key type dns_resolver registered
[   85.128261] microcode: CPU0 sig=0x206d7, pf=0x4, revision=0x616
[   85.413542] microcode: CPU1 sig=0x206d7, pf=0x4, revision=0x616
[   85.611797] microcode: Microcode Update Driver: v2.01 <tigran@aivazian.fsnet.co.uk>, Peter Oruba
[   86.602196] registered taskstats version 1
[   87.061574] Loading compiled-in X.509 certificates
[   87.592324] Loaded X.509 cert 'Build time autogenerated kernel key: 4c603087bab8f0a02cb3b4e1fb4c40f507e71ef1'
[   88.692147] zswap: loaded using pool lzo/zbud
[   89.176175] Key type truseed registered
[   89.599514] Key type encrypted registered
[   90.041387] AppArmor: AppArmor sha1 policy hashing enabled
[   90.651374] ima: No TPM chip found, activating TPM-bypass!
[   91.271379] evm  HMAC attrs: 0x1
[   91.631809]   Magic number: 6:354:874
[   92.031491] rtc_cmos rtc_cmos: setting system clock to 2018-02-04 07:52:02 UTC (1517730722)
[   92.971835] BIOS EDD facility v0.16 2004-Jun-25, 0 devices found
[   93.651293] EDD information not available.
[   94.113002] Freeing unused kernel memory: 1508K
[   94.621240] Write protecting the kernel read-only data: 14336k
[   95.271983] Freeing unused kernel memory: 1728K
[   95.742401] Freeing unused kernel memory: 108K
Loading, please wait...
starting version[   96.268250] random: systemd-udevd: uninitialized urandom read (16 bytes read, 8 bits of entropy available)
 229
[   96.270067] random: udevadm: uninitialized urandom read (16 bytes read, 8 bits of entropy available)
[   96.270127] random: udevadm: uninitialized urandom read (16 bytes read, 8 bits of entropy available)
[   96.296746] random: udevadm: uninitialized urandom read (16 bytes read, 8 bits of entropy available)
[   96.296848] random: udevadm: uninitialized urandom read (16 bytes read, 8 bits of entropy available)
[   96.297238] random: udevadm: uninitialized urandom read (16 bytes read, 8 bits of entropy available)
[   96.297431] random: udevadm: uninitialized urandom read (16 bytes read, 8 bits of entropy available)
[   96.297601] random: udevadm: uninitialized urandom read (16 bytes read, 8 bits of entropy available)
[   96.297745] random: udevadm: uninitialized urandom read (16 bytes read, 8 bits of entropy available)
[   96.297889] random: udevadm: uninitialized urandom read (16 bytes read, 8 bits of entropy available)
[  105.707525] e1000: Intel(R) PRO/1000 Network Driver - version 7.3.21-k8-NAPI
[  106.037867] e1000: Copyright (c) 1999-2006 Intel Corporation.
[  106.297545] Fusion MPT base driver 3.04.20
[  106.730839] Copyright (c) 1999-2008 LSI Corporation
[  107.291783] Fusion MPT SPI Host driver 3.04.20
[  107.499672] AVX version of gcm_enc/dec engaged.
[  107.646011] AES CTR mode by8 optimization enabled
[  107.794481] input: ImExPS/2 Generic Explorer Mouse as /devices/platform/i8042/serio1/input/input4
[  107.882307] e1000 0000:00:03.0 eth0: (PCI:33MHz:32-bit) 02:1f:2a:60:99:e3
[  107.882312] e1000 0000:00:03.0 eth0: Intel(R) PRO/1000 Network Connection
[  108.311006] e1000 0000:00:08.0 eth1: (PCI:33MHz:32-bit) 08:00:27:a1:31:49
[  108.311012] e1000 0000:00:08.0 eth1: Intel(R) PRO/1000 Network Connection
[  108.432433] e1000 0000:00:03.0 enp0s3: renamed from eth0
[  108.432675] mptbase: ioc0: Initiating bringup
[  108.511240] ioc0: LSI53C1030 A0: Capabilities={Initiator}
[  108.714417] scsi host2: ioc0: LSI53C1030 A0, FwRev=00000000h, Ports=1, MaxQ=256, IRQ=20
[  108.861974] scsi 2:0:0:0: Direct-Access     VBOX     HARDDISK         1.0  PQ: 0 ANSI: 5
[  108.861993] scsi target2:0:0: Beginning Domain Validation
[  108.864958] scsi target2:0:0: Domain Validation skipping write tests
[  108.864961] scsi target2:0:0: Ending Domain Validation
[  108.865090] scsi target2:0:0: asynchronous
[  108.866051] scsi 2:0:1:0: Direct-Access     VBOX     HARDDISK         1.0  PQ: 0 ANSI: 5
[  108.866060] scsi target2:0:1: Beginning Domain Validation
[  108.868466] scsi target2:0:1: Domain Validation skipping write tests
[  108.868468] scsi target2:0:1: Ending Domain Validation
[  108.868600] scsi target2:0:1: asynchronous
[  108.884012] sd 2:0:0:0: [sda] 20971520 512-byte logical blocks: (10.7 GB/10.0 GiB)
[  108.884308] sd 2:0:0:0: [sda] Write Protect is off
[  108.884603] sd 2:0:0:0: [sda] Incomplete mode parameter data
[  108.884606] sd 2:0:0:0: [sda] Assuming drive cache: write through
[  109.000676] sd 2:0:0:0: Attached scsi generic sg0 type 0
[  109.001336] sd 2:0:1:0: Attached scsi generic sg1 type 0
[  109.005273] sd 2:0:1:0: [sdb] 20480 512-byte logical blocks: (10.5 MB/10.0 MiB)
[  109.005767] sd 2:0:1:0: [sdb] Write Protect is off
[  109.006212] sd 2:0:1:0: [sdb] Incomplete mode parameter data
[  109.006215] sd 2:0:1:0: [sdb] Assuming drive cache: write through
[  109.007902]  sda: sda1
[  109.009177] sd 2:0:0:0: [sda] Attached SCSI disk
[  109.010973] sd 2:0:1:0: [sdb] Attached SCSI disk
[  109.932495] floppy0: no floppy controllers found
[  126.303857] e1000 0000:00:08.0 enp0s8: renamed from eth1
Begin: Loading e[  128.119046] md: linear personality registered for level -1
ssential drivers[  128.800274] md: multipath personality registered for level -4
 ... [  129.495632] md: raid0 personality registered for level 0
[  130.077901] md: raid1 personality registered for level 1
[  130.319901] raid6: sse2x1   gen()  6324 MB/s
[  130.869858] raid6: sse2x1   xor()  6797 MB/s
[  131.341735] raid6: sse2x2   gen()  5174 MB/s
[  131.869853] raid6: sse2x2   xor()  6522 MB/s
[  132.419818] raid6: sse2x4   gen() 11081 MB/s
[  132.969948] raid6: sse2x4   xor()  6274 MB/s
[  133.370273] raid6: using algorithm sse2x4 gen() 11081 MB/s
[  133.940448] raid6: .... xor() 6274 MB/s, rmw enabled
[  134.490189] raid6: using ssse3x2 recovery algorithm
[  135.036422] xor: automatically using best checksumming function:
[  135.169372]    avx       : 13156.000 MB/sec
[  135.302532] async_tx: api initialized (async)
[  135.791939] md: raid6 personality registered for level 6
[  136.370094] md: raid5 personality registered for level 5
[  136.950110] md: raid4 personality registered for level 4
[  137.544460] md: raid10 personality registered for level 10
done.
Begin: Running /scripts/init-premount ... done.
Begin: Mounting root file sys[  138.185898] Btrfs loaded
tem ... Begin: Running /scripts/local-top ... done.
Begin: Running /scripts/local-premount ... [  138.356202] EXT4-fs (sda1): mounted filesystem with ordered data mode. Opts: (null)
Scanning for Btrfs filesystems
done.
Warning: fsck not present, so skipping root file system
done.
Begin: Running /scripts/local-bottom ... done.
Begin: Running /scripts/init-bottom ... done.
[  138.973025] systemd[1]: systemd 229 running in system mode. (+PAM +AUDIT +SELINUX +IMA +APPARMOR +SMACK +SYSVINIT +UTMP +LIBCRYPTSETUP +GCRYPT +GNUTLS +ACL +XZ -LZ4 +SECCOMP +BLKID +ELFUTILS +KMOD -IDN)
[  139.149331] systemd[1]: Detected virtualization oracle.
[  139.150425] systemd[1]: Detected architecture x86-64.

Welcome to [1mUbuntu 16.04.3 LTS[0m!

[  139.156330] systemd[1]: Set hostname to <ubuntu>.
[  139.160778] systemd[1]: Initializing machine ID from random generator.
[  139.171465] systemd[1]: Installed transient /etc/machine-id file.
[ 70218938] mptscsih: ioc0: attempting task abort! (sc=ffff88011a2faa80)
[ 70395]d 0:0:sd tg#1 CDB: Read(10) 28 00 00 04 bf 70 00 00 08 00
[  171.679] tsihio: ask abort: FAILED (rv=2003) (sc=ffff88011a2faa80)
[  172.249566] mptscsih: ioc0: attempting target reset! (sc=ffff88011a2faa80)
[  172.254690] sd 2:0:0:0: [sda] tag#1 CDB: Read(10) 28 00 00 04 bf 70 00 00 08 00
[  173.058888] mptscsih: ioc0: target reset: SUCCESS (sc=ffff88011a2faa80)
[  13.96] nd: nonblocking pool is initialized
[ 73557]ysmd]:reedlie System Slice.
[[0;32m  OK  [0m] Created slice System Slice.
[ 74295]system1]: Set up automount Arbitrary Executable File Formats File System Automount Point.
[[0;32m  OK  [0m] Set up automount Arbitrary Executab...ats File System Automount Point.
[  174.994068] systemd[1]: Listening on /dev/initctl Compatibility Named Pipe.
[[0;32m  OK  [0m] Listening on /dev/initctl Compatibility Named Pipe.
[  175.445636] systemd[1]: Listening on LVM2 metadata daemon socket.
[[0;32m  OK  [0m] Listening on LVM2 metadata daemon socket.
[  175.802955] systemd[1]: Created slice system-serial\x2dgetty.slice.
[[0;32m  OK  [0m] Created slice system-serial\x2dgetty.slice.
[  176.197701] systemd[1]: Listening on udev Keel Socket.
[[0;32m  OK  [0m] Listening on udev Kernel Socket.
[  176.593749] systemd[1]: Listening on Device-mpeevt emn FIFOs.
[[0;32m  OK  [0m] Listening on Device-mapper event daemon FIFOs.
[ 77458]ystemd[1]: Started Forward Password Requests to Wall Directory Watch.
[[0;32m  OK  [0m] Started Forward Password Requests to Wall Directory Watch.
[  177.753774] systemd[1]: Reached target Swap.
[[0;32m  OK  [0m] Reached target Swap.
[  177.974638] systemd[1]: Created slice User and Session Slice.
[[0;32m  OK  [0m] Created slice User and Session Slice.
[  178.446139] systemd[1]: Listening on Syslog Socket.
[[0;32m  OK  [0m] Listening on Syslog Socket.
[ 78051]ystemd[1]: Listening on Journal Socket (/dev/log).
[[0;32m  OK  [0m] Listening on Journal Socket (/dev/log).
[  179.373655] systemd[1]: Listening on LVM2 poll daemon socket.
[[0;32m  OK  [0m] Listening on LVM2 poll daemon socket.
[ 79453]ysmd]: Reached target User and Group Name Lookups.
[[0;32m  OK  [0m] Reached target User and Group Name Lookups.
[ 180.345711] systemd[1]: Listening on udev Control Socket.
[[0;32m  OK  [0m] Listening on udev Control Socket.
[  180.745798] systemd[1]: Started Trigger resolvconf update for networkd DNS.
[[0;32m  OK  [0m] Started Trigger resolvconf update for networkd DNS.
[  181.205753] systemd[1]: Reached target Encrypted Volumes.
[[0;32m  OK  [0m] Reached target Encrypted Volumes.
[  181.573905] systemd[1]: Listening on Journal Audit Socket.
[[0;32m  OK  [0m] Listening on Journal Audit Socket.
[  181.953937] systemd[1]: Listening on Journal Socket.
[[0;32m  OK  [0m] Listening on Journal Socket.
[  182.293982] systemd[1]: Starting Set console keymap...
         Starting Set console keymap...
[  182.541816] systemd[1]: Starting Uncomplicated firewall...
         Starting Uncomplicated firewall...
[  182.785794] systemd[1]: Mounting POSIX Message Queue File System...
         Mounting POSIX Message Queue File System...
[  183.049970] systemd[1]: Starting Create list of required static device nodes for the current kernel...
         Starting Create list of required st... nodes for the current kernel...
[  183.437801] systemd[1]: Starting Nameserver information manager...
         Starting Nameserver information manager...
[  183.718074] systemd[1]: Starting Journal Service...
         Starting Journal Service...
[  183.925875] systemd[1]: Starting Monitoring of LVM2 mirrors, snapshots etc. using dmeventd or progress polling...
         Starting Monitoring of LVM2 mirrors... dmeventd or progress polling...
[  184.337898] systemd[1]: Starting Load Kernel Modules...
         [  184.497615] Loading iSCSI transport class v2.0-870.
Starting Load Ke[  185.068119] iscsi: registered transport (tcp)
rnel Modules...
[  185.628025] iscsi: registered transport (iser)
[  186.129528] systemd[1]: Mounting Huge Pages File System...
         Mounting Huge Pages File System...
[  186.349691] systemd[1]: Starting Remount Root and Kernel File Systems...
[  186.356127] EXT4-fs (sda1): re-mounted. Opts: (null)
         Starting Remount Root and Kernel File Systems...
[  187.685794] systemd[1]: Reached target Slices.
[[0;32m  OK  [0m] Reached target Slices.
[  188.221507] systemd[1]: Mounting Debug File System...
         Mounting Debug File System...
[  188.840596] systemd[1]: Mounted Huge Pages File System.
[[0;32m  OK  [0m] Mounted Huge Pages File System.
[  189.445914syem1]MoteDebug File System.
[[0;32m  OK  [0m] Mounted Debug File System.
[  189.945779] systemd[1]: Mounted POSIX Message Queue File System.
[[0;32m  OK  [0m] Mounted POSIX Message Queue File System.
[ 190.329884] systemd[1]: Started Journal Service.
[[0;32m  OK  [0m] Started Journal Service.
[[0;32m  OK  [0m] Started Set console keymap.
[[0;32m  OK  [0m] Started Uncomplicated firewall.
[[0;32m  OK  [0m] Started Create list of required sta...ce nodes for the current kernel.
[[0;32m  OK  [0m] Started Load Kernel Modules.
[[0;32m  OK  [0m] Started Remount Root and Kernel File Systems.
[[0;32m  OK  [0m] Started Nameserver information manager.
[[0;32m  OK  [0m] Started LVM2 metadata daemon.
         Starting Initial cloud-init job (pre-networking)...
         Starting Load/Save Random Seed...
         Starting udev Coldplug all Devices...
         Starting Apply Kernel Variables...
         Mounting FUSE Control File System...
         Starting Create Static Device Nodes in /dev...
         Starting Flush Journal to Persistent Storage...
[[0;32m  OK  [0m] Mounted FUSE Control File System.
[[0;32m  OK  [0m] Started Load/Save Random Seed.
[[0;32m  OK  [0m] Started Apply Kernel Variables.
[[0;32m  OK  [0m] Started Create Static Device Nodes in /dev.
[[0;32m  OK  [0m] Started Monitoring of LVM2 mirrors,...ng dmeventd or progress polling.
[[0;32m  OK  [0m] Started udev Coldplug all Devices.
[[0;32m  OK  [0m] Started Flush Journal to Persistent Storage.
         Starting udev Kernel Device Manager...
[  149.201642] cloud-init[444]: Cloud-init v. 17.1 running 'init-local' at Sun, 04 Feb 2018 07:53:42 +0000. Up 148.75 seconds.
[[0;32m  OK  [0m] Started Initial cloud-init job (pre-networking).
[[0;32m  OK  [0m] Reached target Network (Pre).
[[0m[0;31m*     [0m] (1 of 2) A start job is running for dev-ttyS0.device (24s / 1min 30s)[K[[0;1;31m*[0m[0;31m*    [0m] (1 of 2) A start job is running for dev-ttyS0.device (24s / 1min 30s)[K[[0;31m*[0;1;31m*[0m[0;31m*   [0m] (1 of 2) A start job is running for dev-ttyS0.device (25s / 1min 30s)[K[ [0;31m*[0;1;31m*[0m[0;31m*  [0m] (2 of 2) A start job is running for... Device Manager (25s / 1min 48s)[K[  [0;31m*[0;1;31m*[0m[0;31m* [0m] (2 of 2) A start job is running for... Device Manager (26s / 1min 48s)[K[   [0;31m*[0;1;31m*[0m[0;31m*[0m] (2 of 2) A start job is running for... Device Manager (26s / 1min 48s)[K[    [0;31m*[0;1;31m*[0m] (1 of 2) A start job is running for dev-ttyS0.device (27s / 1min 30s)[K[     [0;31m*[0m] (1 of 2) A start job is running for dev-ttyS0.device (27s / 1min 30s)[K[    [0;31m*[0;1;31m*[0m] (1 of 2) A start job is running for dev-ttyS0.device (28s / 1min 30s)[K[   [0;31m*[0;1;31m*[0m[0;31m*[0m] (2 of 2) A start job is running for... Device Manager (28s / 1min 48s)[K[  [0;31m*[0;1;31m*[0m[0;31m* [0m] (2 of 2) A start job is running for... Device Manager (29s / 1min 48s)[K[ [0;31m*[0;1;31m*[0m[0;31m*  [0m] (2 of 2) A start job is running for... Device Manager (29s / 1min 48s)[K[[0;31m*[0;1;31m*[0m[0;31m*   [0m] (1 of 2) A start job is running for dev-ttyS0.device (30s / 1min 30s)[K[[0;1;31m*[0m[0;31m*    [0m] (1 of 2) A start job is running for dev-ttyS0.device (30s / 1min 30s)[K[[0m[0;31m*     [0m] (1 of 2) A start job is running for dev-ttyS0.device (31s / 1min 30s)[K[[0;1;31m*[0m[0;31m*    [0m] (2 of 2) A start job is running for... Device Manager (31s / 1min 48s)[K[[0;31m*[0;1;31m*[0m[0;31m*   [0m] (2 of 2) A start job is running for... Device Manager (32s / 1min 48s)[K[ [0;31m*[0;1;31m*[0m[0;31m*  [0m] (2 of 2) A start job is running for... Device Manager (32s / 1min 48s)[K[  [0;31m*[0;1;31m*[0m[0;31m* [0m] (1 of 2) A start job is running for dev-ttyS0.device (33s / 1min 30s)[K[   [0;31m*[0;1;31m*[0m[0;31m*[0m] (1 of 2) A start job is running for dev-ttyS0.device (33s / 1min 30s)[K[    [0;31m*[0;1;31m*[0m] (1 of 2) A start job is running for dev-ttyS0.device (34s / 1min 30s)[K[     [0;31m*[0m] (2 of 2) A start job is running for... Device Manager (34s / 1min 48s)[K[    [0;31m*[0;1;31m*[0m] (2 of 2) A start job is running for... Device Manager (35s / 1min 48s)[K[   [0;31m*[0;1;31m*[0m[0;31m*[0m] (2 of 2) A start job is running for... Device Manager (35s / 1min 48s)[K[  [0;31m*[0;1;31m*[0m[0;31m* [0m] (1 of 2) A start job is running for dev-ttyS0.device (36s / 1min 30s)[K[ [0;31m*[0;1;31m*[0m[0;31m*  [0m] (1 of 2) A start job is running for dev-ttyS0.device (36s / 1min 30s)[K[[0;31m*[0;1;31m*[0m[0;31m*   [0m] (1 of 2) A start job is running for dev-ttyS0.device (37s / 1min 30s)[K[[0;1;31m*[0m[0;31m*    [0m] (2 of 2) A start job is running for... Device Manager (37s / 1min 48s)[K[[0m[0;31m*     [0m] (2 of 2) A start job is running for... Device Manager (38s / 1min 48s)[K[[0;1;31m*[0m[0;31m*    [0m] (2 of 2) A start job is running for... Device Manager (38s / 1min 48s)[K[[0;31m*[0;1;31m*[0m[0;31m*   [0m] (1 of 2) A start job is running for dev-ttyS0.device (39s / 1min 30s)[K[ [0;31m*[0;1;31m*[0m[0;31m*  [0m] (1 of 2) A start job is running for dev-ttyS0.device (39s / 1min 30s)[K[  [0;31m*[0;1;31m*[0m[0;31m* [0m] (1 of 2) A start job is running for dev-ttyS0.device (40s / 1min 30s)[K[   [0;31m*[0;1;31m*[0m[0;31m*[0m] (2 of 2) A start job is running for... Device Manager (40s / 1min 48s)[K[    [0;31m*[0;1;31m*[0m] (2 of 2) A start job is running for... Device Manager (41s / 1min 48s)[K[     [0;31m*[0m] (2 of 2) A start job is running for... Device Manager (41s / 1min 48s)[K[    [0;31m*[0;1;31m*[0m] (1 of 2) A start job is running for dev-ttyS0.device (42s / 1min 30s)[K[   [0;31m*[0;1;31m*[0m[0;31m*[0m] (1 of 2) A start job is running for dev-ttyS0.device (42s / 1min 30s)[K[  [0;31m*[0;1;31m*[0m[0;31m* [0m] (1 of 2) A start job is running for dev-ttyS0.device (43s / 1min 30s)[K[ [0;31m*[0;1;31m*[0m[0;31m*  [0m] (2 of 2) A start job is running for... Device Manager (43s / 1min 48s)[K[[0;31m*[0;1;31m*[0m[0;31m*   [0m] (2 of 2) A start job is running for... Device Manager (44s / 1min 48s)[K[[0;1;31m*[0m[0;31m*    [0m] (2 of 2) A start job is running for... Device Manager (44s / 1min 48s)[K[[0m[0;31m*     [0m] (1 of 2) A start job is running for dev-ttyS0.device (45s / 1min 30s)[K[[0;1;31m*[0m[0;31m*    [0m] (1 of 2) A start job is running for dev-ttyS0.device (45s / 1min 30s)[K[[0;31m*[0;1;31m*[0m[0;31m*   [0m] (1 of 2) A start job is running for dev-ttyS0.device (46s / 1min 30s)[K[ [0;31m*[0;1;31m*[0m[0;31m*  [0m] (2 of 2) A start job is running for... Device Manager (46s / 1min 48s)[K[  [0;31m*[0;1;31m*[0m[0;31m* [0m] (2 of 2) A start job is running for... Device Manager (47s / 1min 48s)[K[   [0;31m*[0;1;31m*[0m[0;31m*[0m] (2 of 2) A start job is running for... Device Manager (47s / 1min 48s)[K[    [0;31m*[0;1;31m*[0m] (1 of 2) A start job is running for dev-ttyS0.device (48s / 1min 30s)[K[     [0;31m*[0m] (1 of 2) A start job is running for dev-ttyS0.device (48s / 1min 30s)[K[[0;32m  OK  [0m] Started udev Kernel Device Manager.
[[0;32m  OK  [0m] Started Dispatch Password Requests to Console Directory Watch.
[[0;32m  OK  [0m] Reached target Local File Systems (Pre).
[[0;32m  OK  [0m] Reached target Local File Systems.
         Starting LSB: AppArmor initialization...
         Starting Create Volatile Files and Directories...
         Starting Set console font and keymap...
         Starting Commit a transient machine-id on disk...
         Starting Tell Plymouth To Write Out Runtime Data...
[[0;32m  OK  [0m] Started Create Volatile Files and Directories.
[[0;32m  OK  [0m] Started Tell Plymouth To Write Out Runtime Data.
         Starting Update UTMP about System Boot/Shutdown...
[[0;32m  OK  [0m] Reached target System Time Synchronized.
[[0;32m  OK  [0m] Started Commit a transient machine-id on disk.
[[0;32m  OK  [0m] Started Update UTMP about System Boot/Shutdown.
[[0;32m  OK  [0m] Found device /dev/ttyS0.
[[0;32m  OK  [0m] Listening on Load/Save RF Kill Switch Status /dev/rfkill Watch.
[[0;32m  OK  [0m] Found device 82540EM Gigabit Ethern...r (PRO/1000 MT Desktop Adapter).
[[0;32m  OK  [0m] Started LSB: AppArmor initialization.
[[0;32m  OK  [0m] Started ifup for enp0s3.
         Starting Raise network interfaces...
[[0;32m  OK  [0m] Started Set console font and keymap.
[[0;32m  OK  [0m] Created slice system-getty.slice.
[[0;32m  OK  [0m] Started Raise network interfaces.
[[0;32m  OK  [0m] Reached target Network.
         Starting Initial cloud-init job (metadata service crawler)...
[  184.603432] cloud-init[984]: Cloud-init v. 17.1 running 'init' at Sun, 04 Feb 2018 07:54:17 +0000. Up 183.30 seconds.
[  184.721052] [cloud-init[0;32m  OK  [0m[984]: ] ci-info: ++++++++++++++++++++++++++++++++++++++Net device info++++++++++++++++++++++++++++++++++++++Started Initial cloud-init job (metadata service crawler).

[  184.721577] cloud-init[984]: ci-info: +--------+-------+----------------------------+---------------+-------+-------------------+
[  185.008671] [cloud-init[0;32m  OK  [0m[984]: ] ci-info: | Device |   Up  |          Address           |      Mask     | Scope |     Hw-Address    |Reached target System Initialization.

         Starting Socket activation for snappy daemon.
[[0;32m  OK  [0m] Listening on ACPID Listen Socket.
[[0;32m  OK  [0m] Started Timer to automatically refresh installed snaps.
[  185.009761] cloud-init[984]: ci-info: +--------+-------+----------------------------+---------------+-------+-------------------+
[  185.194763] [cloud-init[0;32m  OK  [0m[984]: ] ci-info: | enp0s3 |  True |         10.0.2.15          | 255.255.255.0 |   .   | 02:1f:2a:60:99:e3 |Started ACPI Events Check.

[  185.195872] [cloud-init[0;32m  OK  [0m[984]: ] ci-info: | enp0s3 |  True | fe80::1f:2aff:fe60:99e3/64 |       .       |  link | 02:1f:2a:60:99:e3 |Reached target Paths.

[[0;32m  OK  [0m] Listening on D-Bus System Message Bus Socket.
[[0;32m  OK  [0m] Started Daily Cleanup of Temporary Directories.
[  185.361769] cloud-init[984]: ci-info: | enp0s8 | False |             .              |       .       |   .   | 08:00:27:a1:31:49 |
[  185.822738] [cloud-init[0;32m  OK  [0m[984]: ] ci-info: |   lo   |  True |         127.0.0.1          |   255.0.0.0   |   .   |         .         |Listening on UUID daemon activation socket.

[  185.823520] cloud-init[984]: ci-info: |   lo   |  True |          ::1/128           |       .       |  host |         .         |
[  186.092696]          cloud-initStarting LXD - unix socket.[984]: 
ci-info: +--------+-------+----------------------------+---------------+-------+-------------------+
[  186.296706] [cloud-init[0;32m  OK  [0m[984]: ] ci-info: +++++++++++++++++++++++++++Route IPv4 info++++++++++++++++++++++++++++Reached target Cloud-config availability.

[  186.297484] [cloud-init[0;32m  OK  [0m[984]: ] ci-info: +-------+-------------+----------+---------------+-----------+-------+Reached target Network is Online.

[  186.612675]          cloud-initStarting iSCSI initiator daemon (iscsid)...[984]: 
ci-info: | Route | Destination | Gateway  |    Genmask    | Interface | Flags |
[  186.824445] [cloud-init[0;32m  OK  [0m[984]: ] ci-info: +-------+-------------+----------+---------------+-----------+-------+Started Daily apt download activities.

[  187.024560] [cloud-init[0;32m  OK  [0m[984]: ] ci-info: |   0   |   0.0.0.0   | 10.0.2.2 |    0.0.0.0    |   enp0s3  |   UG  |Started Daily apt upgrade and clean activities.

[[0;32m  OK  [0m] Reached target Timers.
[  187.025329] cloud-init[984]: ci-info: |   1   |   10.0.2.0  | 0.0.0.0  | 255.255.255.0 |   enp0s3  |   U   |
[  187.364612] [cloud-init[0;32m  OK  [0m[984]: ] ci-info: +-------+-------------+----------+---------------+-----------+-------+Listening on Socket activation for snappy daemon.

[[0;32m  OK  [0m] Listening on LXD - unix socket.
[  187.365107] cloud-init[984]: Generating public/private rsa key pair.
[  187.668445] [cloud-init[0;32m  OK  [0m[984]: ] Your identification has been saved in /etc/ssh/ssh_host_rsa_key.Reached target Sockets.

[  187.668979] [cloud-init[0;32m  OK  [0m[984]: ] Your public key has been saved in /etc/ssh/ssh_host_rsa_key.pub.Reached target Basic System.

[  187.945724]          cloud-initStarting Accounts Service...[984]: 
The key fingerprint is:
[  188.022073]          cloud-initStarting LXD - container startup/shutdown...[984]: 
SHA256:oMVjBg+iarei2YDFYGCx0HO68vB0CfBXKjILviJhBaI root@ubuntu-xenial
[  188.148500]          cloud-initStarting /etc/rc.local Compatibility...[984]: 
The key's randomart image is:
[  188.262218]          cloud-initStarting System Logging Service...[984]: 
+---[RSA 2048]----+
[  188.360362] [cloud-init[0;32m  OK  [0m[984]: ] |o+o o            |Started D-Bus System Message Bus.

[  188.360871] cloud-init[984]: |*o+..=.          |
[  188.532391] [cloud-init[0;32m  OK  [0m[984]: ] |==.+ oO          |Started Unattended Upgrades Shutdown.

[  188.534492] cloud-init[984]: |Eo=.o= o         |
[  188.604576] [cloud-init[0;32m  OK  [0m[984]: ] |+=+*..  S        |Started Deferred execution scheduler.

[  188.605304] cloud-init[984]: |B++ +            |
[  188.638124] cloud-init[984]: |+O.o             |
[  188.641439] cloud-init[984]: |+=+              |
         Starting Login Service...
[  188.648948] cloud-init         Starting Apply the settings specified in cloud-config...
[984]: |= .              |
[[0;32m  OK  [0m] Started Regular background program processing daemon.
[  188.672482] [cloud-init[0;32m  OK  [0m[984]: ] +----[SHA256]-----+Started ACPI event daemon.

[  188.673178] cloud-init[984]: Generating public/private dsa key pair.
[  188.860558]          cloud-initStarting Pollinate to seed the pseudo random number generator...[984]: 
Your identification has been saved in /etc/ssh/ssh_host_dsa_key.
[  189.224493]          cloud-initStarting LSB: Record successful boot for GRUB...[984]: 
Your public key has been saved in /etc/ssh/ssh_host_dsa_key.pub.
[  189.224951] cloud-init[984]: The key fingerprint is:
[  189.444419] [cloud-init[0;32m  OK  [0m[984]: ] SHA256:huxt7Yuo+j1Cpoh4m3ZLwhYz2FTtKXx1DG3reYc3rdE root@ubuntu-xenialStarted FUSE filesystem for LXC.

[  189.444894] cloud-init[984]: The key's randomart image is:
[  189.644453]          cloud-initStarting LSB: MD monitoring daemon...[984]: 
+---[DSA 1024]----+
[  189.644902] cloud-init[984]: |    ..  .+       |
[  189.683725] cloud-init[984]: |   .  . . =      |
[  189.685226] cloud-init[984]: |  .. . o o .     |
[  189.686631] cloud-init[984]: | +  o.+.  .      |
[  189.688031] cloud-init[984]: |. =  oo S. . . o |
[  189.689445] cloud-init[984]: | . +o. o .o o = E|
[  189.690839] cloud-init[984]: |o.++. . o .. o + |
[  189.692261] cloud-init[984]: |+.++o..o o    .  |
[  189.709306]          cloud-initStarting Snappy daemon...[984]: 
| o+=++o.. o.     |
[  189.756721] [cloud-init[0;32m  OK  [0m[984]: ] Started System Logging Service.
+----[SHA256]-----+
[[0;32m  OK  [0m] Started iSCSI initiator daemon (iscsid).
[  189.817048] cloud-init[984]: Generating public/private ecdsa key pair.
[  189.873853] [cloud-init[0;32m  OK  [0m[984]: ] Your identification has been saved in /etc/ssh/ssh_host_ecdsa_key.Started LXD - container startup/shutdown.

[  189.874254] cloud-init[984]: Your public key has been saved in /etc/ssh/ssh_host_ecdsa_key.pub.[[0;32m  OK  [0m] Started /etc/rc.local Compatibility.

[  189.879461] [[0;32m  OK  [0m] Started Pollinate to seed the pseudo random number generator.
[[0;32m  OK  [0m] Started Snappy daemon.
cloud-init[984]: The key fingerprint is:
[  189.882227] cloud-init[984]: SHA256:8KTAfEIiaGbu5VvGiCHP4o/7zIMLj5opVKIyzZLmtI4 root@ubuntu-xenial
[  189.884992] cloud-init[984]: The key's randomart image is:
[  189.887545] cloud-init[984]: +---[ECDSA 256]---+
[  189.889195] cloud-init[984]: |o . .            |
[  189.892053] cloud-init[984]: |.= =             |
[  189.893606] cloud-init[984]: |=   = o .        |
[  189.902842] cloud-init[984]: |.+ o + =         |
         Starting Authenticate and Authorize Users to Run Privileged Tasks...
[  189.964542] cloud-init[984]: |+*B o . S        |
         Starting OpenBSD Secure Shell server...
[  189.999231] cloud-init[984]: |B*=o +           |
[  190.002799] cloud-init[984]: |O+o +            |
[  190.004560] cloud-init[984]: |+X+o             |
[  190.006050] cloud-init[984]: |E=*=.            |
[  190.007420] cloud-init[984]: +----[SHA256]-----+
[  190.008920] cloud-init[984]: Generating public/private ed25519 key pair.
[  190.010577] cloud-init[984]: Your identification has been saved in /etc/ssh/ssh_host_ed25519_key.
[  190.012510] cloud-init[984]: Your public key has been saved in /etc/ssh/ssh_host_ed25519_key.pub.
[  190.014400] cloud-init[984]: The key fingerprint is:
[  190.025513]          Starting Login to default iSCSI targets...
cloud-init[984]: SHA256:rQdekMZz2dQxKdS8ft+0hW+5GS4BXcjcnZAmXA5Czjc root@ubuntu-xenial
[  190.028020] cloud-init[[0;32m  OK  [0m] Started OpenBSD Secure Shell server.
[984]: The key's randomart image is:
[[0;32m  OK  [0m] Started LSB: Record successful boot for GRUB.
[  190.030778] [[0;32m  OK  [0m] Started LSB: MD monitoring daemon.
cloud-init[984]: +--[ED25519 256]--+
[  190.032909] [[0;32m  OK  [0m] Started Login Service.
cloud-init[984]: |        .o.o**Boo|[[0;32m  OK  [0m] Started Authenticate and Authorize Users to Run Privileged Tasks.

[  190.036295] cloud-init[984]: |       .o..*+*==.|
[  190.037739] cloud-init[984]: |        *ooE=o.. |
[  190.039204] cloud-init[984]: |       . =.....  |
[  190.042170] [cloud-init[0;32m  OK  [0m[984]: ] |        S o .. . |Started Accounts Service.

[  190.042771] cloud-init[984]: |       . +   .o +|
[  190.046749] cloud-init[984]: |        o .   .=*|
[  190.048217] cloud-init[984]: |         .   ..oB|
[  190.049688] cloud-init[984]: |              .=.|
[  190.051384] cloud-init[984]: +----[SHA256]-----+
[  190.084325] cloud-init[1109]: Generating locales (this might take a while)...
[[0;32m  OK  [0m] Started Login to default iSCSI targets.
[[0;32m  OK  [0m] Reached target Remote File Systems (Pre).
[[0;32m  OK  [0m] Reached target Remote File Systems.
[  190.319805] cloud-init[1109]:   en_US.UTF-8... done
         Starting LSB: daemon to balance interrupts for SMP systems...
         Starting LSB: Set the CPU Frequency Scaling governor to "ondemand"...
         Starting Permit User Sessions...
         Starting LSB: VirtualBox Linux Additions...
         Starting LSB: automatic crash report generation...
[[0;32m  OK  [0m] Started Permit User Sessions.
[  190.345149] cloud-init[1109]: Generation complete.
         Starting Terminate Plymouth Boot Screen...
         Starting Hold until boot process finishes up...
[[0;32m  OK  [0m] Started LSB: Set the CPU Frequency Scaling governor to "ondemand".
[[0;32m  OK  [0m] Started LSB: automatic crash report generation.
[[0;32m  OK  [0m] Started Terminate Plymouth Boot Screen.
[[0;32m  OK  [0m] Started Hold until boot process finishes up.
[[0;32m  OK  [0m] Started Serial Getty on ttyS0.
         Starting Set console scheme...
[[0;32m  OK  [0m] Started Getty on tty1.
[[0;32m  OK  [0m] Reached target Login Prompts.
[[0;32m  OK  [0m] Started LSB: daemon to balance interrupts for SMP systems.
[[0;32m  OK  [0m] Started LSB: VirtualBox Linux Additions.
[[0;32m  OK  [0m] Started Set console scheme.
[[0;32m  OK  [0m] Created slice User Slice of vagrant.
[[0;32m  OK  [0m] Started Session 1 of user vagrant.
         Starting User Manager for UID 1000...
[[0;32m  OK  [0m] Reached target Multi-User System.
[[0;32m  OK  [0m] Reached target Graphical Interface.
         Starting Update UTMP about System Runlevel Changes...
[[0;32m  OK  [0m] Started User Manager for UID 1000.
[[0;32m  OK  [0m] Started Update UTMP about System Runlevel Changes.
[  190.943554] cloud-init[1109]: Cloud-init v. 17.1 running 'modules:config' at Sun, 04 Feb 2018 07:54:22 +0000. Up 189.03 seconds.
[[0;32m  OK  [0m] Started Apply the settings specified in cloud-config.
         Starting Execute cloud user/final scripts...
ci-info: no authorized ssh keys fingerprints found for user ubuntu.
<14>Feb  4 07:54:25 ec2: 
<14>Feb  4 07:54:25 ec2: #############################################################
<14>Feb  4 07:54:25 ec2: -----BEGIN SSH HOST KEY FINGERPRINTS-----
<14>Feb  4 07:54:25 ec2: 1024 SHA256:huxt7Yuo+j1Cpoh4m3ZLwhYz2FTtKXx1DG3reYc3rdE root@ubuntu-xenial (DSA)
<14>Feb  4 07:54:25 ec2: 256 SHA256:8KTAfEIiaGbu5VvGiCHP4o/7zIMLj5opVKIyzZLmtI4 root@ubuntu-xenial (ECDSA)
<14>Feb  4 07:54:25 ec2: 256 SHA256:rQdekMZz2dQxKdS8ft+0hW+5GS4BXcjcnZAmXA5Czjc root@ubuntu-xenial (ED25519)
<14>Feb  4 07:54:25 ec2: 2048 SHA256:oMVjBg+iarei2YDFYGCx0HO68vB0CfBXKjILviJhBaI root@ubuntu-xenial (RSA)
<14>Feb  4 07:54:25 ec2: -----END SSH HOST KEY FINGERPRINTS-----
<14>Feb  4 07:54:25 ec2: #############################################################
-----BEGIN SSH HOST KEY KEYS-----
ecdsa-sha2-nistp256 AAAAE2VjZHNhLXNoYTItbmlzdHAyNTYAAAAIbmlzdHAyNTYAAABBBENU49LDr5Pur5VQzavNpxZkWMZADC2VmdWLnCPV8FGXe8XOnEqDVUnEmb9ahB4tOtwXXD3fqO6E44u9rO4+eJ8= root@ubuntu-xenial
ssh-ed25519 AAAAC3NzaC1lZDI1NTE5AAAAIEbSbw98ojm/zH/YrJvl1qQJU5C+IJnXNiirok0RLkEg root@ubuntu-xenial
ssh-rsa AAAAB3NzaC1yc2EAAAADAQABAAABAQDJ3OHtKZRUnlVgtxwt+QLRp0RXY6XFy5OOFIW269nU5+LpQC0SadGD/cKzaTLZde1epO3K1p7DKYZvFNYn6QQpHGRTzvwKLixZDeEEsidRnE1SwxFnsj+YHvvb0lP0jMOXb4QuBuxLa4WafuvA13v4aGoaRAEIQE37xLL6i442GmGXIw51LFffz9akSB4S/EHxxQOLuABZ5vcCV6trbZMfnEf8QVb11YRTiyUz/Rvc3O2TVgxETV4ub1E3e2j5Hxhdcfr/7HeEe5ERR/H8cnBEwtahgX9dDsKbzbYYGqz8M4GFFi4XUdr0LsaGQtfxwRQPYpeTWyBt9wJFVGde6MG9 root@ubuntu-xenial
-----END SSH HOST KEY KEYS-----
[  193.605174] cloud-init[1397]: Cloud-init v. 17.1 running 'modules:final' at Sun, 04 Feb 2018 07:54:25 +0000. Up 191.65 seconds.
[  193.740951] cloud-init[1397]: ci-info: no authorized ssh keys fingerprints found for user ubuntu.
[  193.856917] cloud-init[1397]: Cloud-init v. 17.1 finished at Sun, 04 Feb 2018 07:54:27 +0000. Datasource DataSourceNoCloud [seed=/dev/sdb][dsmode=net].  Up 193.58 seconds
[[0;32m  OK  [0m] Started Execute cloud user/final scripts.
[[0;32m  OK  [0m] Reached target Cloud-init target.

Ubuntu 16.04.3 LTS ubuntu-xenial ttyS0

ubuntu-xenial login: 